// Jest Snapshot v1, https://goo.gl/fbAQLP

exports[`AuthProvider should not show user 1`] = `
<div>
  <div />
</div>
`;
