// Jest Snapshot v1, https://goo.gl/fbAQLP

exports[`useMap should run and not return map 1`] = `undefined`;
