// Jest Snapshot v1, https://goo.gl/fbAQLP

exports[`AlertError does not render error and render only 1 div 1`] = `<div />`;
