// Jest Snapshot v1, https://goo.gl/fbAQLP

exports[`Dropdown should render correctly null 1`] = `<div />`;
