// Jest Snapshot v1, https://goo.gl/fbAQLP

exports[`PrivateRoute should run and navigate 1`] = `
<div>
  <div />
</div>
`;
