// Jest Snapshot v1, https://goo.gl/fbAQLP

exports[`PublicRoute should run and return children 1`] = `
<div>
  <div />
</div>
`;
